[ 2017-11-20 23:56:49.079 ] [S] Time: 00:00:01 Spd: 100.00 MiB/s All: 0.00 Byte 
[ 2017-11-20 23:56:50.183 ] [S] Time: 00:00:02 Spd: 100.00 MiB/s All: 100.00 MiB 
[ 2017-11-20 23:56:51.328 ] [S] Time: 00:00:03 Spd: 100.00 MiB/s All: 200.00 MiB 
[ 2017-11-20 23:56:52.796 ] [S] Time: 00:00:05 Spd: 100.00 MiB/s All: 300.00 MiB 
[ 2017-11-20 23:56:54.083 ] [S] Time: 00:00:06 Spd: 100.00 MiB/s All: 400.00 MiB 
[ 2017-11-20 23:56:55.273 ] [S] Time: 00:00:07 Spd: 100.00 MiB/s All: 500.00 MiB 
[ 2017-11-20 23:56:56.517 ] [S] Time: 00:00:09 Spd: 100.00 MiB/s All: 600.00 MiB 
